2026-04-26 13:38:51,349  INFO      🚀 Starting Silver ETL...
2026-04-26 13:41:43,315  INFO      🚀 Starting Silver ETL...
2026-04-26 13:42:39,720  INFO      🚀 Starting Silver ETL...
2026-04-26 14:20:51,022  INFO      🚀 Starting Silver ETL...
2026-04-26 14:33:48,776  INFO      🚀 Starting Silver ETL...
2026-04-26 14:40:11,048  INFO      🚀 Starting Silver ETL...
2026-04-26 14:45:43,438  INFO      🚀 Starting Silver ETL...
2026-04-26 14:52:50,808  INFO      🚀 Starting Silver ETL...
2026-04-26 21:26:37,650  INFO      🚀 Starting Silver ETL...
2026-04-26 21:31:16,261  INFO      🚀 Starting Silver ETL...
2026-04-26 21:31:16,330  INFO      ✅ Database connected.
2026-04-26 21:31:16,332  INFO      ✅ Silver tables ready.
2026-04-26 21:31:16,342  INFO      Truncating stg_client_result...
2026-04-26 21:31:16,347  INFO      Loading stg_client_result...
2026-04-26 21:31:16,366  INFO      ✅ stg_client_result loaded.
2026-04-26 21:31:16,367  INFO      Truncating stg_event...
2026-04-26 21:31:16,371  INFO      Loading stg_event...
2026-04-26 21:31:16,377  INFO      ✅ stg_event loaded.
2026-04-26 21:31:16,378  INFO      🎉 Silver layer load complete!
2026-04-26 21:31:16,378  INFO      DB connection closed.
2026-04-26 21:33:38,256  INFO      🚀 Starting Silver ETL...
2026-04-26 21:33:38,355  INFO      ✅ Database connected.
2026-04-26 21:33:38,358  INFO      ✅ Silver tables ready.
2026-04-26 21:33:38,358  INFO      Truncating stg_client_result...
2026-04-26 21:33:38,367  INFO      Loading stg_client_result...
2026-04-26 21:33:38,411  INFO      ✅ stg_client_result loaded.
2026-04-26 21:33:38,412  INFO      Truncating stg_event...
2026-04-26 21:33:38,418  INFO      Loading stg_event...
2026-04-26 21:33:38,426  INFO      ✅ stg_event loaded.
2026-04-26 21:33:38,426  INFO      🎉 Silver layer load complete!
2026-04-26 21:33:38,427  INFO      DB connection closed.
2026-04-26 21:37:43,621  INFO      🚀 Starting Silver ETL...
2026-04-26 21:37:43,736  INFO      ✅ Database connected.
2026-04-26 21:37:43,739  INFO      ✅ Silver tables ready.
2026-04-26 21:37:43,739  INFO      Truncating stg_client_result...
2026-04-26 21:37:43,744  INFO      Loading stg_client_result...
2026-04-26 21:37:43,772  INFO      ✅ stg_client_result loaded.
2026-04-26 21:37:43,772  INFO      Truncating stg_event...
2026-04-26 21:37:43,776  INFO      Loading stg_event...
2026-04-26 21:37:43,784  INFO      ✅ stg_event loaded.
2026-04-26 21:37:43,784  INFO      🎉 Silver layer load complete!
2026-04-26 21:37:43,785  INFO      DB connection closed.
